    Updating crates.io index
  Installing rex-runner v0.1.0
    Updating crates.io index
     Locking 512 packages to latest compatible versions
      Adding generic-array v0.14.7 (available: v0.14.9)
      Adding strum_macros v0.27.2 (available: v0.28.0)
      Adding whoami v1.6.1 (available: v2.1.2)
   Compiling proc-macro2 v1.0.106
   Compiling quote v1.0.45
   Compiling unicode-ident v1.0.24
   Compiling libc v0.2.186
   Compiling serde_core v1.0.228
   Compiling cfg-if v1.0.4
   Compiling memchr v2.8.0
   Compiling serde v1.0.228
   Compiling syn v2.0.117
   Compiling pin-project-lite v0.2.17
   Compiling aho-corasick v1.1.4
   Compiling strsim v0.11.1
   Compiling regex-syntax v0.8.10
   Compiling ident_case v1.0.1
   Compiling portable-atomic v1.13.1
   Compiling futures-core v0.3.32
   Compiling fnv v1.0.7
   Compiling critical-section v1.2.0
   Compiling autocfg v1.5.0
   Compiling once_cell v1.21.4
   Compiling jobserver v0.1.34
   Compiling find-msvc-tools v0.1.9
   Compiling regex-automata v0.4.14
   Compiling shlex v1.3.0
   Compiling cc v1.2.62
   Compiling crossbeam-utils v0.8.21
   Compiling darling_core v0.20.11
   Compiling serde_derive v1.0.228
   Compiling futures-io v0.3.32
   Compiling hashbrown v0.17.1
   Compiling regex v1.12.3
   Compiling darling_macro v0.20.11
   Compiling equivalent v1.0.2
   Compiling bitflags v2.11.1
   Compiling indexmap v2.14.0
   Compiling darling v0.20.11
   Compiling itoa v1.0.18
   Compiling derive_builder_core v0.20.2
   Compiling slab v0.4.12
   Compiling version_check v0.9.5
   Compiling num-traits v0.2.19
   Compiling parking_lot_core v0.9.12
   Compiling futures-sink v0.3.32
   Compiling futures-channel v0.3.32
   Compiling smallvec v1.15.1
   Compiling derive_builder_macro v0.20.2
   Compiling winnow v1.0.2
   Compiling futures-macro v0.3.32
   Compiling rustix v1.1.4
   Compiling futures-task v0.3.32
   Compiling futures-util v0.3.32
   Compiling toml_parser v1.1.2+spec-1.1.0
   Compiling toml_datetime v1.1.1+spec-1.1.0
   Compiling semver v1.0.28
   Compiling linux-raw-sys v0.12.1
   Compiling rustversion v1.0.22
   Compiling rustc_version v0.4.1
   Compiling toml_edit v0.25.11+spec-1.1.0
   Compiling tracing-core v0.1.36
   Compiling zmij v1.0.21
   Compiling proc-macro-crate v3.5.0
   Compiling generic-array v0.14.7
   Compiling synstructure v0.13.2
   Compiling log v0.4.29
   Compiling serde_json v1.0.149
   Compiling tracing-attributes v0.1.31
   Compiling typenum v1.20.0
   Compiling tracing v0.1.44
   Compiling zerofrom-derive v0.1.7
   Compiling thiserror v2.0.18
   Compiling object v0.37.3
   Compiling zerofrom v0.1.7
   Compiling yoke-derive v0.8.2
   Compiling thiserror-impl v2.0.18
   Compiling scopeguard v1.2.0
   Compiling stable_deref_trait v1.2.1
   Compiling getrandom v0.4.2
   Compiling yoke v0.8.2
   Compiling lock_api v0.4.14
   Compiling crypto-common v0.1.7
   Compiling block-buffer v0.10.4
   Compiling zerocopy v0.8.48
   Compiling iana-time-zone v0.1.65
   Compiling heck v0.5.0
   Compiling tinyvec_macros v0.1.1
   Compiling getrandom v0.3.4
   Compiling siphasher v1.0.3
   Compiling phf_shared v0.11.3
   Compiling tinyvec v1.11.0
   Compiling chrono v0.4.44
   Compiling digest v0.10.7
   Compiling parking_lot v0.12.5
   Compiling zerovec-derive v0.11.3
   Compiling ar_archive_writer v0.5.1
   Compiling cmake v0.1.58
   Compiling darling_core v0.23.0
   Compiling dunce v1.0.5
   Compiling new_debug_unreachable v1.0.6
   Compiling bit-vec v0.8.0
   Compiling either v1.15.0
   Compiling same-file v1.0.6
   Compiling fs_extra v1.3.0
   Compiling glob v0.3.3
   Compiling fixedbitset v0.5.7
   Compiling precomputed-hash v0.1.1
   Compiling term v1.2.1
   Compiling relative-path v1.9.3
   Compiling keccak v0.1.6
   Compiling ascii-canvas v4.0.0
   Compiling sha3 v0.10.9
   Compiling string_cache v0.8.9
   Compiling petgraph v0.7.1
   Compiling ena v0.14.4
   Compiling aws-lc-sys v0.40.0
   Compiling walkdir v2.5.0
   Compiling itertools v0.14.0
   Compiling darling_macro v0.23.0
   Compiling bit-set v0.8.0
   Compiling psm v0.1.31
   Compiling zerovec v0.11.6
   Compiling lalrpop-util v0.22.2
   Compiling derive_builder v0.20.2
   Compiling displaydoc v0.2.5
   Compiling num-conv v0.2.1
   Compiling powerfmt v0.2.0
   Compiling bytes v1.11.1
   Compiling pico-args v0.5.0
   Compiling unicode-xid v0.2.6
   Compiling time-core v0.1.8
   Compiling anstyle v1.0.14
   Compiling lazy_static v1.5.0
   Compiling time-macros v0.2.27
   Compiling lalrpop v0.22.2
   Compiling deranged v0.5.8
   Compiling rex-runner-registrar-utils v0.1.0
   Compiling darling v0.23.0
   Compiling stacker v0.1.24
   Compiling enum-ordinalize-derive v4.3.2
   Compiling errno v0.3.14
   Compiling ref-cast v1.0.25
   Compiling utf8parse v0.2.2
   Compiling ipnet v2.12.0
   Compiling time v0.3.47
   Compiling anstyle-parse v1.0.0
   Compiling enum-ordinalize v4.3.2
   Compiling serde_with_macros v3.19.0
   Compiling sharded-slab v0.1.7
   Compiling uuid v1.23.1
   Compiling unicode-normalization v0.1.25
   Compiling tracing-log v0.2.0
   Compiling tracing-serde v0.2.0
   Compiling rstest_macros v0.26.1
   Compiling matchers v0.2.0
   Compiling linked-hash-map v0.5.6
   Compiling logos-codegen v0.16.1
   Compiling crossbeam-channel v0.5.15
   Compiling ring v0.17.14
   Compiling miette-derive v7.6.0
   Compiling ref-cast-impl v1.0.25
   Compiling thread_local v1.1.9
   Compiling cedar-policy-core v4.10.0
   Compiling colorchoice v1.0.5
   Compiling is_terminal_polyfill v1.70.2
   Compiling unicode-script v0.5.8
   Compiling anstyle-query v1.1.5
   Compiling aws-lc-rs v1.16.3
   Compiling anyhow v1.0.102
   Compiling nu-ansi-term v0.50.3
   Compiling unicode-width v0.1.14
   Compiling io-lifetimes v2.0.4
   Compiling zeroize v1.8.2
   Compiling futures-timer v3.0.3
   Compiling tracing-subscriber v0.3.23
   Compiling miette v7.6.0
   Compiling anstream v1.0.0
   Compiling unicode-security v0.1.2
   Compiling logos-derive v0.16.1
   Compiling linked_hash_set v0.1.6
   Compiling serde_with v3.19.0
   Compiling educe v0.6.0
   Compiling ppv-lite86 v0.2.21
   Compiling signal-hook-registry v1.4.8
   Compiling tinystr v0.8.3
   Compiling rand_core v0.9.5
   Compiling nonempty v0.12.0
   Compiling tokio-macros v2.7.0
   Compiling smol_str v0.3.6
   Compiling mio v1.2.0
   Compiling socket2 v0.6.3
   Compiling unicode-width v0.2.2
   Compiling arrayvec v0.5.2
   Compiling litemap v0.8.2
   Compiling clap_lex v1.1.0
   Compiling writeable v0.6.3
   Compiling typed-arena v2.0.2
   Compiling rustc-literal-escaper v0.0.7
   Compiling pretty v0.12.5
   Compiling icu_locale_core v2.2.0
   Compiling clap_builder v4.6.0
   Compiling tokio v1.52.3
   Compiling rand_chacha v0.9.0
   Compiling logos v0.16.1
   Compiling rustls-pki-types v1.14.1
   Compiling zerotrie v0.2.4
   Compiling potential_utf v0.1.5
   Compiling clap_derive v4.6.1
   Compiling getrandom v0.2.17
   Compiling parking v2.2.1
   Compiling icu_normalizer_data v2.2.0
   Compiling utf8_iter v1.0.4
   Compiling io-extras v0.18.4
   Compiling symlink v0.1.0
   Compiling untrusted v0.9.0
   Compiling icu_properties_data v2.2.0
   Compiling cedar-policy v4.10.0
   Compiling clap v4.6.1
   Compiling tracing-appender v0.2.5
   Compiling cedar-policy-formatter v4.10.0
   Compiling icu_collections v2.2.0
   Compiling icu_provider v2.2.0
   Compiling rstest v0.26.1
   Compiling rand v0.9.4
   Compiling syslog-tracing v0.3.1
   Compiling concurrent-queue v2.5.0
   Compiling fastrand v2.4.1
   Compiling crc32fast v1.5.0
   Compiling percent-encoding v2.3.2
   Compiling signal-hook v0.3.18
   Compiling cap-primitives v3.4.5
   Compiling rustls v0.23.40
   Compiling bounded-vec-deque v0.1.1
   Compiling rex-logger v0.1.0
   Compiling fs-set-times v0.20.3
   Compiling rustix-linux-procfs v0.1.1
   Compiling crossbeam-epoch v0.9.18
   Compiling cfg_aliases v0.2.1
   Compiling maybe-owned v0.3.4
   Compiling cap-std v3.4.5
   Compiling simd-adler32 v0.3.9
   Compiling ambient-authority v0.0.2
   Compiling adler2 v2.0.1
   Compiling subtle v2.6.1
   Compiling crunchy v0.2.4
   Compiling whoami v1.6.1
   Compiling rex-cedar-auth v0.1.0
   Compiling miniz_oxide v0.8.9
   Compiling nix v0.30.1
   Compiling icu_properties v2.2.0
   Compiling icu_normalizer v2.2.0
   Compiling derive-getters v0.5.0
   Compiling hex v0.4.3
   Compiling rustix v0.38.44
   Compiling tiny-keccak v2.0.2
   Compiling atomic-waker v1.1.2
   Compiling rust-sdk-common-utils v0.1.0
   Compiling flate2 v1.1.9
   Compiling idna_adapter v1.2.2
   Compiling form_urlencoded v1.2.2
   Compiling enumflags2_derive v0.7.12
   Compiling scroll_derive v0.13.1
   Compiling procfs v0.17.0
   Compiling cap-fs-ext v3.4.5
   Compiling linux-raw-sys v0.4.15
   Compiling scroll v0.13.0
   Compiling rustls-webpki v0.103.13
   Compiling idna v1.1.0
   Compiling procfs-core v0.17.0
   Compiling zvariant_utils v3.3.1
   Compiling event-listener v5.4.1
   Compiling http v1.4.0
   Compiling strum_macros v0.27.2
   Compiling xattr v1.6.1
   Compiling num-integer v0.1.46
   Compiling async-trait v0.1.89
   Compiling sysinfo v0.35.2
   Compiling filetime v0.2.28
   Compiling plain v0.2.3
   Compiling goblin v0.10.5
   Compiling const-random-macro v0.1.16
   Compiling tar v0.4.45
   Compiling http-body v1.0.1
   Compiling event-listener-strategy v0.5.4
   Compiling zvariant_derive v5.11.0
   Compiling url v2.5.8
   Compiling cap-tempfile v3.4.5
   Compiling futures-lite v2.6.1
   Compiling smartstring v1.0.1
   Compiling ahash v0.8.12
   Compiling caps v0.5.6
   Compiling memmap2 v0.9.10
   Compiling strum v0.27.2
   Compiling rex-redaction v0.1.0
   Compiling httparse v1.10.1
   Compiling syn v1.0.109
   Compiling bytesize v2.3.1
   Compiling rust-safe-io v0.1.0
   Compiling const-random v0.1.18
   Compiling num-bigint v0.4.6
   Compiling futures-executor v0.3.32
   Compiling async-io v2.6.0
   Compiling try-lock v0.2.5
   Compiling static_assertions v1.1.0
   Compiling tower-service v0.3.3
   Compiling want v0.3.1
   Compiling futures v0.3.32
   Compiling num-rational v0.4.2
   Compiling num-iter v0.1.45
   Compiling enumflags2 v0.7.12
   Compiling enum-as-inner v0.6.1
   Compiling polling v3.11.0
   Compiling num-complex v0.4.6
   Compiling thin-vec v0.2.18
   Compiling rhai_codegen v3.1.0
   Compiling pin-project-internal v1.1.12
   Compiling bstr v1.12.1
   Compiling data-encoding v2.11.0
   Compiling endi v1.1.1
   Compiling tagptr v0.2.0
   Compiling async-task v4.7.1
   Compiling moka v0.12.15
   Compiling zvariant v5.11.0
   Compiling hickory-proto v0.25.2
   Compiling globset v0.4.18
   Compiling pin-project v1.1.12
   Compiling rhai v1.24.0
   Compiling num v0.4.3
   Compiling enum-display-derive v0.1.1
   Compiling hyper v1.9.0
   Compiling async-channel v2.5.0
   Compiling crossbeam-deque v0.8.6
   Compiling num-derive v0.4.2
   Compiling sync_wrapper v1.0.2
   Compiling nonblock v0.2.0
   Compiling doc-comment v0.3.4
   Compiling predicates-core v1.0.10
   Compiling resolv-conf v0.7.6
   Compiling base64 v0.22.1
   Compiling ucd-trie v0.1.7
   Compiling tower-layer v0.3.3
   Compiling tower v0.5.3
   Compiling pest v2.8.6
   Compiling hyper-util v0.1.20
   Compiling hickory-resolver v0.25.2
   Compiling rmesg v1.0.24
   Compiling ignore v0.4.25
   Compiling async-signal v0.2.14
   Compiling zbus_names v4.3.2
   Compiling async-lock v3.4.2
   Compiling tokio-rustls v0.26.4
   Compiling piper v0.2.5
   Compiling webpki-roots v1.0.7
   Compiling difflib v0.4.0
   Compiling termtree v0.5.1
   Compiling ryu v1.0.23
   Compiling serde_urlencoded v0.7.1
   Compiling predicates v3.1.4
   Compiling predicates-tree v1.0.13
   Compiling hyper-rustls v0.27.9
   Compiling blocking v1.6.2
   Compiling async-process v2.5.0
   Compiling zbus_macros v5.15.0
   Compiling globwalk v0.9.1
   Compiling rust-safe-system-info v0.1.0
   Compiling pest_meta v2.8.6
   Compiling tower-http v0.6.10
   Compiling async-executor v1.14.0
   Compiling async-broadcast v0.7.2
   Compiling http-body-util v0.1.3
   Compiling tempfile v3.27.0
   Compiling rhai-sdk-common-utils v0.1.0
   Compiling rstest_macros v0.25.0
   Compiling rstest_macros v0.18.2
   Compiling serde_repr v0.1.20
   Compiling async-recursion v1.1.1
   Compiling ordered-stream v0.2.0
   Compiling zbus v5.15.0
   Compiling assert_fs v1.1.3
   Compiling reqwest v0.12.28
   Compiling pest_generator v2.8.6
   Compiling rhai-safe-system-info v0.1.0
   Compiling num-modular v0.6.1
   Compiling num-order v1.2.0
   Compiling pest_derive v2.8.6
   Compiling rust-safe-process-mgmt v0.1.0
   Compiling rust-safe-network v0.1.0
   Compiling rust-safe-disk-info v0.1.0
   Compiling rhai-safe-disk-info v0.1.0
   Compiling rhai-safe-network v0.1.0
   Compiling rhai-safe-process-mgmt v0.1.0
   Compiling rhai-safe-io v0.1.0
   Compiling heck v0.4.1
   Compiling assertables v9.9.0
   Compiling strum_macros v0.25.3
   Compiling rstest v0.18.2
   Compiling rstest v0.25.0
   Compiling handlebars v6.4.0
   Compiling strum_macros v0.26.4
   Compiling strum v0.26.3
   Compiling hashbrown v0.14.5
   Compiling dashmap v5.5.3
   Compiling strum v0.25.0
   Compiling rex-sdk-registry v0.1.0
   Compiling rex-metrics-and-alarms v0.1.0
   Compiling rex-policy-schema v0.1.0
   Compiling rex-runner-registrar v0.1.0
   Compiling rex-runner v0.1.0
    Finished `release` profile [optimized] target(s) in 6m 17s
  Installing /home/jules/.cargo/bin/rex-runner
   Installed package `rex-runner v0.1.0` (executable `rex-runner`)
